07-27 12:45:17.874  1962  1992 W BroadcastQueue: Background execution not allowed: receiving Intent { act=android.intent.action.PACKAGE_REMOVED dat=package:com.android.todolist flg=0x4000010 (has extras) } to com.android.vending/com.google.android.finsky.packagemonitor.backgroundimpl.BackgroundPackageMonitorReceiverImpl$RegisteredReceiver
07-27 12:45:17.874  1962  1992 W BroadcastQueue: Background execution not allowed: receiving Intent { act=android.intent.action.PACKAGE_REMOVED dat=package:com.android.todolist flg=0x4000010 (has extras) } to com.android.vending/com.google.android.finsky.instantapps.appmanagement.InstantAppRemoveMonitor
07-27 12:45:17.874  1962  1992 W BroadcastQueue: Background execution not allowed: receiving Intent { act=android.intent.action.PACKAGE_REMOVED dat=package:com.android.todolist flg=0x4000010 (has extras) } to com.google.android.apps.maps/com.google.android.libraries.social.peoplekit.thirdparty.viewcontrollers.ThirdPartyReceiver
07-27 12:45:17.874  1962  1992 W BroadcastQueue: Background execution not allowed: receiving Intent { act=android.intent.action.PACKAGE_REMOVED dat=package:com.android.todolist flg=0x4000010 (has extras) } to com.google.android.gms/.games.chimera.GamesSystemBroadcastReceiverProxy
07-27 12:45:17.874  1962  1992 W BroadcastQueue: Background execution not allowed: receiving Intent { act=android.intent.action.PACKAGE_REMOVED dat=package:com.android.todolist flg=0x4000010 (has extras) } to com.google.android.gms/.chimera.GmsIntentOperationService$PersistentTrustedReceiver
07-27 12:45:17.876  1962  1992 W BroadcastQueue: Background execution not allowed: receiving Intent { act=android.intent.action.PACKAGE_REMOVED dat=package:com.android.todolist flg=0x4000010 (has extras) } to com.google.android.googlequicksearchbox/com.google.android.apps.gsa.googlequicksearchbox.GelStubAppWatcher
07-27 12:45:17.877  1962  1992 W BroadcastQueue: Background execution not allowed: receiving Intent { act=android.intent.action.PACKAGE_REMOVED dat=package:com.android.todolist flg=0x4000010 (has extras) } to com.miui.audioeffect/com.android.musicfx.Compatibility$Receiver
07-27 12:45:17.877  1962  1992 W BroadcastQueue: Background execution not allowed: receiving Intent { act=android.intent.action.PACKAGE_REMOVED dat=package:com.android.todolist flg=0x4000010 (has extras) } to com.xiaomi.discover/com.xiaomi.market.data.MyPackageMonitor
07-27 12:45:17.889  6029  6029 I Finsky  : [2] vvj.u(84): Package no longer installed: com.android.todolist
07-27 12:45:17.896  6029  6949 I Finsky  : [2588] ax.accept(65): Asset module storage cleared for package com.android.todolist.
07-27 12:45:17.896  1962  1992 W BroadcastQueue: Background execution not allowed: receiving Intent { act=android.intent.action.PACKAGE_REMOVED dat=package:com.android.todolist flg=0x4000010 (has extras) } to com.xiaomi.misettings/.usagestats.AppTimerReceiver
07-27 12:45:17.897  1962  1992 W BroadcastQueue: Background execution not allowed: receiving Intent { act=android.intent.action.PACKAGE_REMOVED dat=package:com.android.todolist flg=0x4000010 (has extras) } to com.facebook.katana/com.facebook.feed.platformads.AppInstallReceiver
07-27 12:45:17.897  1962  1992 W BroadcastQueue: Background execution not allowed: receiving Intent { act=android.intent.action.PACKAGE_REMOVED dat=package:com.android.todolist flg=0x4000010 (has extras) } to com.google.android.apps.photos/com.google.android.libraries.social.peoplekit.thirdparty.viewcontrollers.ThirdPartyReceiver
07-27 12:45:17.897  1962  1992 W BroadcastQueue: Background execution not allowed: receiving Intent { act=android.intent.action.PACKAGE_REMOVED dat=package:com.android.todolist flg=0x4000010 (has extras) } to com.google.android.videos/com.google.android.libraries.social.peoplekit.thirdparty.viewcontrollers.ThirdPartyReceiver
07-27 12:45:17.898  6966  7072 I ResidentChecker: check: StartScan pkg=com.android.todolist
07-27 12:45:17.923  6029  6029 I Finsky  : [2] jkt.f(9): AIM: AppInfoCacheUpdater -> invalidating apps: [com.android.todolist]
07-27 12:45:17.930  6029  6123 I Finsky  : [2519] jmo.a(66): AIM: AppInfoManager-Perf > OnDeviceAppInfo > cacheHitCount=0, cacheMissCount=1. Missed  in cache (limit 10) : [com.android.todolist]
07-27 12:45:17.947  6029  6029 I Finsky  : [2] vvj.u(84): Package no longer installed: com.android.todolist
07-27 12:45:17.990  6029  6029 W Finsky  : [2] aaon.b(133): STU: Failed to get storage stats for package 'com.android.todolist' (1601: Error getting stats: android.content.pm.PackageManager.NameNotFoundException)
07-27 12:45:18.147  1962  1962 I ConditionProviders: Disallowing condition provider com.android.todolist
07-27 12:45:18.205  1962  1992 W XSpaceManagerService: update XSpace App: packageName:com.android.todolist, user:UserHandle{0}, action:android.intent.action.PACKAGE_REMOVED
07-27 12:45:18.205  2462  2462 D Launcher.Model: LauncherAppsCallback onPackageRemoved|com.android.todolist|UserHandle{0}
07-27 12:45:18.205  2462  2655 D Launcher.Model: Got broadcast:Intent { act=android.intent.action.PACKAGE_REMOVED dat=package:com.android.todolist (has extras) }
07-27 12:45:18.208  2462  2655 D Launcher.LauncherUtils: android.content.pm.PackageManager$NameNotFoundException: com.android.todolist
07-27 12:45:18.208  2462  2655 D Launcher.LauncherUtils: app(com.android.todolist|UserHandle{0}) isDisable=false, backupProcessingPkg=null
07-27 12:45:18.208  2462  2655 D Launcher.LauncherUtils: android.content.pm.PackageManager$NameNotFoundException: com.android.todolist
07-27 12:45:18.209  2462  2655 D AutoInstallsParser: isPAIPackageName: com.android.todolist
07-27 12:45:18.219  2462  2655 D Launcher.Model: onReceiveBackground, mAllAppsList=add=[], remove=[(0, AppInfo, id=-1, itemType=0, user=UserHandle{0}, mIconType=0, pkgName=com.android.todolist, className=com.android.todolist.MainActivity, screenId=-1, container=-1, cellX=-1, cellY=-1, spanX=1, spanY=1, isLandscapePos=false)], modified=[]
07-27 12:45:18.220  2462  2462 D Launcher: remove icon when bind apps removed:ShortcutInfo, id=63, itemType=0, user=UserHandle{0}, mIconType=0, pkgName=com.android.todolist, className=com.android.todolist.MainActivity, screenId=2, container=-100, cellX=3, cellY=2, spanX=1, spanY=1, isLandscapePos=false
07-27 12:45:18.220  2462  2462 D Launcher: removeShortcutIcon, remove icon from CellLayout, info=ShortcutInfo, id=63, itemType=0, user=UserHandle{0}, mIconType=0, pkgName=com.android.todolist, className=com.android.todolist.MainActivity, screenId=2, container=-100, cellX=3, cellY=2, spanX=1, spanY=1, isLandscapePos=false
07-27 12:45:18.220  2462  2462 D Launcher.CellLayout: remove icon for ShortcutInfo, id=63, itemType=0, user=UserHandle{0}, mIconType=0, pkgName=com.android.todolist, className=com.android.todolist.MainActivity, screenId=2, container=-100, cellX=3, cellY=2, spanX=1, spanY=1, isLandscapePos=false
07-27 12:45:18.220  2462  2462 D Launcher.CellLayout: updateCellOccupiedMarks, remove, ShortcutInfo, id=63, itemType=0, user=UserHandle{0}, mIconType=0, pkgName=com.android.todolist, className=com.android.todolist.MainActivity, screenId=2, container=-100, cellX=3, cellY=2, spanX=1, spanY=1, isLandscapePos=false
07-27 12:45:18.221  2462  2462 D Launcher: removeShortcutIcon, info=(ShortcutInfo, id=63, itemType=0, user=UserHandle{0}, mIconType=0, pkgName=com.android.todolist, className=com.android.todolist.MainActivity, screenId=2, container=-100, cellX=3, cellY=2, spanX=1, spanY=1, isLandscapePos=false), addedLater=false, removeFromDB=true
07-27 12:45:18.221  2462  2462 D Launcher.Model: deleteItemFromDatabase, item=ShortcutInfo, id=63, itemType=0, user=UserHandle{0}, mIconType=0, pkgName=com.android.todolist, className=com.android.todolist.MainActivity, screenId=2, container=-100, cellX=3, cellY=2, spanX=1, spanY=1, isLandscapePos=false
07-27 12:45:18.634  6029  6029 I Finsky  : [2] vvj.u(84): Package no longer installed: com.android.todolist
07-27 12:45:19.222  6240  6956 W System.err: android.content.pm.PackageManager$NameNotFoundException: com.android.todolist
07-27 12:45:21.643  7527  7527 I VSC-AppInstallReceiver: action: android.intent.action.PACKAGE_FULLY_REMOVED, packageName: com.android.todolist
07-27 12:45:21.655  1962  3473 W BroadcastQueueInjector: Unable to launch app com.google.android.apps.photos/10211 for broadcast Intent { act=android.intent.action.PACKAGE_FULLY_REMOVED dat=package:com.android.todolist flg=0x5000010 (has extras) }: process is not permitted to  auto start
07-27 12:45:21.658  1962  1992 W BroadcastQueueInjector: Unable to launch app com.google.android.apps.photos/10211 for broadcast Intent { act=android.intent.action.PACKAGE_FULLY_REMOVED dat=package:com.android.todolist flg=0x5000010 (has extras) }: process is not permitted to  auto start
07-27 12:45:21.658  1962  1992 W BroadcastQueueInjector: Unable to launch app com.google.android.videos/10204 for broadcast Intent { act=android.intent.action.PACKAGE_FULLY_REMOVED dat=package:com.android.todolist flg=0x5000010 (has extras) }: process is not permitted to  auto start
07-27 12:45:21.659  1962  1992 W BroadcastQueueInjector: Unable to launch app ru.yandex.searchplugin/10212 for broadcast Intent { act=android.intent.action.PACKAGE_FULLY_REMOVED dat=package:com.android.todolist flg=0x5000010 (has extras) }: process is not permitted to  auto start
07-27 12:45:43.492  6029  6029 I Finsky  : [2] agkx.c(75): VerifyApps: Install-time verification requested for package com.android.todolist, id = 5
07-27 12:45:43.497  6029  6918 I Finsky  : [2584] VerifyAppsInstallTask.akr(58): VerifyApps: Anti-malware verification task started for package=com.android.todolist
07-27 12:45:43.767  6029  6029 I Finsky  : [2] VerifyInstallTask.akq(53): VerifyApps: Verification complete: id=5, package_name=com.android.todolist
07-27 12:45:43.938  1962  2003 V BackupManagerService: restoreAtInstall pkg=com.android.todolist token=6 restoreSet=0
07-27 12:45:43.938  1962  2003 I InstallationStatistic: com.android.todolist|null|3655|178|15|2943|279|0
07-27 12:45:43.953  1962  2113 I MiuiCompatModePackages: package com.android.todolist updated, removing config
07-27 12:45:43.979  4618  4618 I WakePathManager: PackageMonitor. onPackageAdded: packageName =com.android.todolist
07-27 12:45:43.981  1962  1992 W BroadcastQueue: Background execution not allowed: receiving Intent { act=android.intent.action.PACKAGE_ADDED dat=package:com.android.todolist flg=0x4000010 (has extras) } to com.lbe.security.miui/com.lbe.security.service.BootReceiver
07-27 12:45:43.981  1962  1992 W BroadcastQueue: Background execution not allowed: receiving Intent { act=android.intent.action.PACKAGE_ADDED dat=package:com.android.todolist flg=0x4000010 (has extras) } to com.google.android.packageinstaller/com.android.packageinstaller.PackageInstalledReceiver
07-27 12:45:43.981  1962  1992 W BroadcastQueue: Background execution not allowed: receiving Intent { act=android.intent.action.PACKAGE_ADDED dat=package:com.android.todolist flg=0x4000010 (has extras) } to com.android.settings/.search.provider.UpdateReceiver
07-27 12:45:43.984  1962  1992 W BroadcastQueue: Background execution not allowed: receiving Intent { act=android.intent.action.PACKAGE_ADDED dat=package:com.android.todolist flg=0x4000010 (has extras) } to com.android.vending/com.google.android.finsky.packagemonitor.impl.PackageMonitorReceiverImpl$RegisteredReceiver
07-27 12:45:44.000  6029  6114 I Finsky  : [2516] jmo.a(66): AIM: AppInfoManager-Perf > OnDeviceAppInfo > cacheHitCount=0, cacheMissCount=1. Missed  in cache (limit 10) : [com.android.todolist]
07-27 12:45:44.000  6029  6949 I Finsky  : [2588] ax.accept(65): Asset module storage cleared for package com.android.todolist.
07-27 12:45:44.003  2432  2432 D ImsResolver: maybeAddedImsService, packageName: com.android.todolist
07-27 12:45:44.028  6029  6029 I Finsky  : [2] jkt.f(9): AIM: AppInfoCacheUpdater -> invalidating apps: [com.android.todolist]
07-27 12:45:44.029  6029  6105 I Finsky  : [2508] jmo.a(66): AIM: AppInfoManager-Perf > OnDeviceAppInfo > cacheHitCount=0, cacheMissCount=1. Missed  in cache (limit 10) : [com.android.todolist]
07-27 12:45:44.034  1962  1992 W BroadcastQueue: Background execution not allowed: receiving Intent { act=android.intent.action.PACKAGE_ADDED dat=package:com.android.todolist flg=0x4000010 (has extras) } to com.android.vending/com.google.android.finsky.packagemonitor.backgroundimpl.BackgroundPackageMonitorReceiverImpl$RegisteredReceiver
07-27 12:45:44.054  1962  1992 W BroadcastQueue: Background execution not allowed: receiving Intent { act=android.intent.action.PACKAGE_ADDED dat=package:com.android.todolist flg=0x4000010 (has extras) } to com.facebook.appmanager/com.facebook.oxygen.common.packages.event.manifest.ManifestPackageEventReceiver
07-27 12:45:44.054  1962  1992 W BroadcastQueue: Background execution not allowed: receiving Intent { act=android.intent.action.PACKAGE_ADDED dat=package:com.android.todolist flg=0x4000010 (has extras) } to com.google.android.gms/.games.chimera.GamesSystemBroadcastReceiverProxy
07-27 12:45:44.055  1962  1992 W BroadcastQueue: Background execution not allowed: receiving Intent { act=android.intent.action.PACKAGE_ADDED dat=package:com.android.todolist flg=0x4000010 (has extras) } to com.google.android.gms/.gass.chimera.PackageChangeBroadcastReceiver
07-27 12:45:44.055  1962  1992 W XSpaceManagerService: update XSpace App: packageName:com.android.todolist, user:UserHandle{0}, action:android.intent.action.PACKAGE_ADDED
07-27 12:45:44.055  1962  1992 W BroadcastQueue: Background execution not allowed: receiving Intent { act=android.intent.action.PACKAGE_ADDED dat=package:com.android.todolist flg=0x4000010 (has extras) } to com.google.android.gms/.chimera.GmsIntentOperationService$PersistentTrustedReceiver
07-27 12:45:44.055  1962  1992 W BroadcastQueue: Background execution not allowed: receiving Intent { act=android.intent.action.PACKAGE_ADDED dat=package:com.android.todolist flg=0x4000010 (has extras) } to com.google.android.googlequicksearchbox/com.google.android.apps.gsa.googlequicksearchbox.GelStubAppWatcher
07-27 12:45:44.055  1962  1992 W BroadcastQueue: Background execution not allowed: receiving Intent { act=android.intent.action.PACKAGE_ADDED dat=package:com.android.todolist flg=0x4000010 (has extras) } to com.miui.audioeffect/com.android.musicfx.Compatibility$Receiver
07-27 12:45:44.055  1962  1992 W BroadcastQueue: Background execution not allowed: receiving Intent { act=android.intent.action.PACKAGE_ADDED dat=package:com.android.todolist flg=0x4000010 (has extras) } to com.xiaomi.discover/com.xiaomi.market.data.MyPackageMonitor
07-27 12:45:44.055  1962  1992 W BroadcastQueue: Background execution not allowed: receiving Intent { act=android.intent.action.PACKAGE_ADDED dat=package:com.android.todolist flg=0x4000010 (has extras) } to com.xiaomi.misettings/.usagestats.AppTimerReceiver
07-27 12:45:44.056  1962  1992 W BroadcastQueue: Background execution not allowed: receiving Intent { act=android.intent.action.PACKAGE_ADDED dat=package:com.android.todolist flg=0x4000010 (has extras) } to by.euanpa.schedulegrodno/com.appodeal.ads.AppodealPackageAddedReceiver
07-27 12:45:44.056  1962  1992 W BroadcastQueue: Background execution not allowed: receiving Intent { act=android.intent.action.PACKAGE_ADDED dat=package:com.android.todolist flg=0x4000010 (has extras) } to com.facebook.katana/com.facebook.feed.platformads.AppInstallReceiver
07-27 12:45:44.114  2462  2655 E Launcher.AllAppsList: Can't load postion for packageName: com.android.todolist activityName: com.android.todolist.MainActivity
07-27 12:45:44.123  2462  2655 D AutoInstallsParser: isPAIPackageName: com.android.todolist
07-27 12:45:44.126  2462  2655 D Launcher.Model: onReceiveBackground, mAllAppsList=add=[(0, AppInfo, id=-1, itemType=0, user=UserHandle{0}, mIconType=0, pkgName=com.android.todolist, className=com.android.todolist.MainActivity, screenId=-1, container=-1, cellX=-1, cellY=-1, spanX=1, spanY=1, isLandscapePos=false)], remove=[], modified=[]
07-27 12:45:44.126  2462  2462 D Launcher: add item to launcher when bind apps added, info=ShortcutInfo, id=-1, itemType=0, user=UserHandle{0}, mIconType=0, pkgName=com.android.todolist, className=com.android.todolist.MainActivity, screenId=-1, container=-1, cellX=-1, cellY=-1, spanX=1, spanY=1, isLandscapePos=false
07-27 12:45:44.126  2462  2462 D Launcher: addItemToWorkspace, add item into db, item=ShortcutInfo, id=-1, itemType=0, user=UserHandle{0}, mIconType=0, pkgName=com.android.todolist, className=com.android.todolist.MainActivity, screenId=2, container=-100, cellX=3, cellY=2, spanX=1, spanY=1, isLandscapePos=false
07-27 12:45:44.126  2462  2462 D Launcher.Model: Insert item com.android.todolist to database (3, 2) of screen 2
07-27 12:45:44.127  2462  2655 D Launcher.ShortcutInfo: onAddToDatabase, this=ShortcutInfo, id=64, itemType=0, user=UserHandle{0}, mIconType=0, pkgName=com.android.todolist, className=com.android.todolist.MainActivity, screenId=2, container=-100, cellX=3, cellY=2, spanX=1, spanY=1, isLandscapePos=false
07-27 12:45:44.127  2462  2462 D Launcher.CellLayout: updateCellOccupiedMarks, update, ShortcutInfo, id=64, itemType=0, user=UserHandle{0}, mIconType=0, pkgName=com.android.todolist, className=com.android.todolist.MainActivity, screenId=2, container=-100, cellX=3, cellY=2, spanX=1, spanY=1, isLandscapePos=false
07-27 12:45:44.168  2462  2462 D Launcher.CellLayout: updateCellOccupiedMarks, update, ShortcutInfo, id=64, itemType=0, user=UserHandle{0}, mIconType=0, pkgName=com.android.todolist, className=com.android.todolist.MainActivity, screenId=2, container=-100, cellX=3, cellY=2, spanX=1, spanY=1, isLandscapePos=false
07-27 12:45:44.425  7685  7685 I PI-ScanDispatch: service bind, pkgName = com.android.todolist, installer = null, isReplace = false, firstGoogleTime = 1684004759836
07-27 12:45:44.475  7709  7709 I FindDeviceGNReceiver: isReplace: false, packageName: package:com.android.todolist. 
07-27 12:47:50.235  2462  2462 D Launcher.CellLayout: touch item:ShortcutInfo, id=64, itemType=0, user=UserHandle{0}, mIconType=0, pkgName=com.android.todolist, className=com.android.todolist.MainActivity, screenId=2, container=-100, cellX=3, cellY=2, spanX=1, spanY=1, isLandscapePos=false
07-27 12:47:50.328  1962  3415 I ActivityTaskManager: START u0 {act=android.intent.action.MAIN cat=[android.intent.category.LAUNCHER] flg=0x10200000 cmp=com.android.todolist/.MainActivity bnds=[843,777][1011,945] (has extras)} from uid 10092
07-27 12:47:50.344  2462  2462 D Launcher.ShortcutInfo: onAddToDatabase, this=ShortcutInfo, id=64, itemType=0, user=UserHandle{0}, mIconType=0, pkgName=com.android.todolist, className=com.android.todolist.MainActivity, screenId=2, container=-100, cellX=3, cellY=2, spanX=1, spanY=1, isLandscapePos=false
07-27 12:47:50.345  2462  2462 D Launcher.Model: updateItemInDatabase, item=ShortcutInfo, id=64, itemType=0, user=UserHandle{0}, mIconType=0, pkgName=com.android.todolist, className=com.android.todolist.MainActivity, screenId=2, container=-100, cellX=3, cellY=2, spanX=1, spanY=1, isLandscapePos=false
07-27 12:47:50.364  5314  5774 D AppStatChecker: first launch package: com.android.todolist
07-27 12:47:50.371  1962  1993 D Boost   : hostingType=activity, hostingName={com.android.todolist/com.android.todolist.MainActivity}, callerPackage=com.miui.home, isSystem=true, isBoostNeeded=false.
07-27 12:47:50.377  1088  1088 D OemNetd : setPidForPackage: packageName=com.android.todolist, pid=8384, pid=10246
07-27 12:47:50.377  1962  1993 I ActivityManager: Start proc 8384:com.android.todolist/u0a246 for activity {com.android.todolist/com.android.todolist.MainActivity} caller=com.miui.home
07-27 12:47:50.452  7866 16394 D AutoInstallService: onForegroundInfoChanged: com.android.todolist
07-27 12:47:50.452  4771  5037 D PerfEngineController: ForegroundInfo{mForegroundPackageName='com.android.todolist', mForegroundUid=10246, mForegroundPid=8384, mLastForegroundPackageName='com.miui.home', mLastForegroundUid=10092, mLastForegroundPid=2462, mMultiWindowForegroundPackageName='null', mMultiWindowForegroundUid=-1, mFlags=1}
07-27 12:47:50.452  4778  7130 I GST     : forePkg: com.android.todolist, preForePkg: com.miui.home
07-27 12:47:50.452  1962  1988 D PeriodicCleaner: com.android.todolist re-installed, NewAppId=10246, OldAppId=10244
07-27 12:47:50.596  8390  8390 D AppActiveReceiver: receive app active broadcast for: com.android.todolist, install from: null
07-27 12:47:50.686  8384  8384 W ndroid.todolist: type=1400 audit(0.0:4216): avc: denied { read } for name="u:object_r:vendor_displayfeature_prop:s0" dev="tmpfs" ino=13234 scontext=u:r:untrusted_app_27:s0:c246,c256,c512,c768 tcontext=u:object_r:vendor_displayfeature_prop:s0 tclass=file permissive=0
07-27 12:47:50.698  8384  8444 E Perf    : Fail to get file list com.android.todolist
07-27 12:47:50.698  8384  8444 E Perf    : Fail to get file list com.android.todolist
07-27 12:47:50.811  8384  8384 D ForceDarkHelper: updateByCheckExcludeList: pkg: com.android.todolist activity: com.android.todolist.MainActivity@1ef08b2
07-27 12:47:50.815  8384  8384 D ForceDarkHelper: updateByCheckExcludeList: pkg: com.android.todolist activity: com.android.todolist.MainActivity@1ef08b2
07-27 12:47:50.822  8384  8384 I chatty  : uid=10246(com.android.todolist) identical 21 lines
07-27 12:47:50.824  8384  8384 D ForceDarkHelper: updateByCheckExcludeList: pkg: com.android.todolist activity: com.android.todolist.MainActivity@1ef08b2
07-27 12:47:50.838  8384  8384 D ForceDarkHelper: updateByCheckExcludeList: pkg: com.android.todolist activity: com.android.todolist.MainActivity@1ef08b2
07-27 12:47:50.850  8384  8384 D ForceDarkHelper: updateByCheckExcludeList: pkg: com.android.todolist activity: com.android.todolist.MainActivity@1ef08b2
07-27 12:47:50.876  8384  8384 D ForceDarkHelper: updateByCheckExcludeList: pkg: com.android.todolist activity: com.android.todolist.MainActivity@1ef08b2
07-27 12:47:50.897  8384  8384 D ForceDarkHelper: updateByCheckExcludeList: pkg: com.android.todolist activity: com.android.todolist.MainActivity@1ef08b2
07-27 12:47:50.913  8384  8384 D ForceDarkHelper: updateByCheckExcludeList: pkg: com.android.todolist activity: com.android.todolist.MainActivity@1ef08b2
07-27 12:47:50.952  8384  8384 D ForceDarkHelper: updateByCheckExcludeList: pkg: com.android.todolist activity: com.android.todolist.MainActivity@1ef08b2
07-27 12:47:50.962  8384  8384 D ForceDarkHelper: updateByCheckExcludeList: pkg: com.android.todolist activity: com.android.todolist.MainActivity@1ef08b2
07-27 12:47:50.970  8384  8384 D ForceDarkHelper: updateByCheckExcludeList: pkg: com.android.todolist activity: com.android.todolist.MainActivity@1ef08b2
07-27 12:47:51.045  8384  8384 W Looper  : Slow Looper main: Activity com.android.todolist/.MainActivity is 574ms late (wall=0ms running=1ms ClientTransaction{ callbacks=[android.app.servertransaction.TopResumedActivityChangeItem] }) because of 2 msg, msg 1 took 230ms (seq=2 running=208ms runnable=5ms io=1ms late=4ms h=android.app.ActivityThread$H w=110), msg 2 took 346ms (seq=3 running=311ms runnable=7ms io=2ms late=231ms h=android.app.ActivityThread$H w=159)
07-27 12:47:51.103  8384  8384 D ForceDarkHelper: updateByCheckExcludeList: pkg: com.android.todolist activity: com.android.todolist.MainActivity@1ef08b2
07-27 12:47:51.148  8384  8384 D ForceDarkHelper: updateByCheckExcludeList: pkg: com.android.todolist activity: com.android.todolist.MainActivity@1ef08b2
07-27 12:47:51.325  1962  1983 I Timeline: Timeline: Activity_windows_visible id: ActivityRecord{bb9c391 u0 com.android.todolist/.MainActivity t97} time:5507313
07-27 12:47:51.372 10483 10483 I GoogleInputMethodService: GoogleInputMethodService.onStartInput():1909 onStartInput(EditorInfo{inputType=0x0(NULL) imeOptions=0x0 privateImeOptions=null actionName=UNSPECIFIED actionLabel=null actionId=0 initialSelStart=-1 initialSelEnd=-1 initialCapsMode=0x0 hintT